I'm sorry, but errors were detected in your script. Please correct the
errors listed below, and try again.


File "game/screens.rpy", line 376: Line is indented, but the preceding add statement does not expect a block. Please check this line's indentation. You may have forgotten a colon (:).
    style "main_menu_frame"
    ^

Ren'Py Version: Ren'Py 8.4.1.25072401
Sun Nov 23 23:16:14 2025
